################################################################################
#                                                                              #
#      IAR Universal Linker V5.2.1.11                                          #
#                                                                              #
#           Link time     =  16/Oct/2014  12:05:06                             #
#           Target CPU    =  MSP430                                            #
#           List file     =  F:\存档\项目程序\项目\EM系列（2014.9.15）\EM系列\ #
#                            EM-5000\EM-5000（Ver2.1）\Debug\List\asad0.2.map  #
#           Output file 1 =  F:\存档\项目程序\项目\EM系列（2014.9.15）\EM系列\ #
#                            EM-5000\EM-5000（Ver2.1）\Debug\Exe\asad0.2.d43   #
#                            Format: debug                                     #
#                            UBROF version 10.0.6                              #
#                            Using library modules for C-SPY (-rt)             #
#           Command line  =  F:\存档\项目程序\项目\EM系列（2014.9.15）\EM系列\ #
#                            EM-5000\EM-5000（Ver2.1）\Debug\Obj\adc12.r43     #
#                            F:\存档\项目程序\项目\EM系列（2014.9.15）\EM系列\ #
#                            EM-5000\EM-5000（Ver2.1）\Debug\Obj\bmp085.r43    #
#                            F:\存档\项目程序\项目\EM系列（2014.9.15）\EM系列\ #
#                            EM-5000\EM-5000（Ver2.1）\Debug\Obj\bsp.r43       #
#                            F:\存档\项目程序\项目\EM系列（2014.9.15）\EM系列\ #
#                            EM-5000\EM-5000（Ver2.1）\Debug\Obj\charger.r43   #
#                            F:\存档\项目程序\项目\EM系列（2014.9.15）\EM系列\ #
#                            EM-5000\EM-5000（Ver2.1）\Debug\Obj\chip.r43      #
#                            F:\存档\项目程序\项目\EM系列（2014.9.15）\EM系列\ #
#                            EM-5000\EM-5000（Ver2.1）\Debug\Obj\display.r43   #
#                            F:\存档\项目程序\项目\EM系列（2014.9.15）\EM系列\ #
#                            EM-5000\EM-5000（Ver2.1）\Debug\Obj\ds1302.r43    #
#                            F:\存档\项目程序\项目\EM系列（2014.9.15）\EM系列\ #
#                            EM-5000\EM-5000（Ver2.1）\Debug\Obj\ds18b20.r43   #
#                            F:\存档\项目程序\项目\EM系列（2014.9.15）\EM系列\ #
#                            EM-5000\EM-5000（Ver2.1）\Debug\Obj\eeprom.r43    #
#                            F:\存档\项目程序\项目\EM系列（2014.9.15）\EM系列\ #
#                            EM-5000\EM-5000（Ver2.1）\Debug\Obj\flash.r43     #
#                            F:\存档\项目程序\项目\EM系列（2014.9.15）\EM系列\ #
#                            EM-5000\EM-5000（Ver2.1）\Debug\Obj\iic.r43       #
#                            F:\存档\项目程序\项目\EM系列（2014.9.15）\EM系列\ #
#                            EM-5000\EM-5000（Ver2.1）\Debug\Obj\isr.r43       #
#                            F:\存档\项目程序\项目\EM系列（2014.9.15）\EM系列\ #
#                            EM-5000\EM-5000（Ver2.1）\Debug\Obj\key.r43       #
#                            F:\存档\项目程序\项目\EM系列（2014.9.15）\EM系列\ #
#                            EM-5000\EM-5000（Ver2.1）\Debug\Obj\lcd.r43       #
#                            F:\存档\项目程序\项目\EM系列（2014.9.15）\EM系列\ #
#                            EM-5000\EM-5000（Ver2.1）\Debug\Obj\main.r43      #
#                            F:\存档\项目程序\项目\EM系列（2014.9.15）\EM系列\ #
#                            EM-5000\EM-5000（Ver2.1）\Debug\Obj\menu.r43      #
#                            F:\存档\项目程序\项目\EM系列（2014.9.15）\EM系列\ #
#                            EM-5000\EM-5000（Ver2.1）\Debug\Obj\os.r43        #
#                            F:\存档\项目程序\项目\EM系列（2014.9.15）\EM系列\ #
#                            EM-5000\EM-5000（Ver2.1）\Debug\Obj\port_a.r43    #
#                            F:\存档\项目程序\项目\EM系列（2014.9.15）\EM系列\ #
#                            EM-5000\EM-5000（Ver2.1）\Debug\Obj\port_c.r43    #
#                            F:\存档\项目程序\项目\EM系列（2014.9.15）\EM系列\ #
#                            EM-5000\EM-5000（Ver2.1）\Debug\Obj\pump.r43      #
#                            F:\存档\项目程序\项目\EM系列（2014.9.15）\EM系列\ #
#                            EM-5000\EM-5000（Ver2.1）\Debug\Obj\schdule.r43   #
#                            F:\存档\项目程序\项目\EM系列（2014.9.15）\EM系列\ #
#                            EM-5000\EM-5000（Ver2.1）\Debug\Obj\semaphore.r43 #
#                            F:\存档\项目程序\项目\EM系列（2014.9.15）\EM系列\ #
#                            EM-5000\EM-5000（Ver2.1）\Debug\Obj\stack.r43     #
#                            F:\存档\项目程序\项目\EM系列（2014.9.15）\EM系列\ #
#                            EM-5000\EM-5000（Ver2.1）\Debug\Obj\system.r43    #
#                            F:\存档\项目程序\项目\EM系列（2014.9.15）\EM系列\ #
#                            EM-5000\EM-5000（Ver2.1）\Debug\Obj\task.r43      #
#                            F:\存档\项目程序\项目\EM系列（2014.9.15）\EM系列\ #
#                            EM-5000\EM-5000（Ver2.1）\Debug\Obj\test.r43      #
#                            F:\存档\项目程序\项目\EM系列（2014.9.15）\EM系列\ #
#                            EM-5000\EM-5000（Ver2.1）\Debug\Obj\tick.r43      #
#                            F:\存档\项目程序\项目\EM系列（2014.9.15）\EM系列\ #
#                            EM-5000\EM-5000（Ver2.1）\Debug\Obj\timer.r43     #
#                            F:\存档\项目程序\项目\EM系列（2014.9.15）\EM系列\ #
#                            EM-5000\EM-5000（Ver2.1）\Debug\Obj\windows.r43   #
#                            -o                                                #
#                            F:\存档\项目程序\项目\EM系列（2014.9.15）\EM系列\ #
#                            EM-5000\EM-5000（Ver2.1）\Debug\Exe\asad0.2.d43   #
#                            -l                                                #
#                            F:\存档\项目程序\项目\EM系列（2014.9.15）\EM系列\ #
#                            EM-5000\EM-5000（Ver2.1）\Debug\List\asad0.2.map  #
#                            -xms -ID:\IAR\430\LIB\ -f                         #
#                            D:\IAR\430\CONFIG\lnk430F5438.xcl (-cmsp430       #
#                            -D?CPU30_OFFSET=2 -QCODE_I=CODE_ID                #
#                            -Z(DATA)DATA16_I,DATA16_Z,DATA16_N,DATA16_HEAP+_D #
#                            ATA16_HEAP_SIZE=1C00-5BFF                         #
#                            -Z(DATA)CODE_I                                    #
#                            -Z(DATA)DATA20_I,DATA20_Z,DATA20_N,DATA20_HEAP+_D #
#                            ATA20_HEAP_SIZE                                   #
#                            -Z(DATA)CSTACK+_STACK_SIZE#                       #
#                            -Z(CONST)INFO=1800-19FF                           #
#                            -Z(CONST)INFOA=1980-19FF                          #
#                            -Z(CONST)INFOB=1900-197F                          #
#                            -Z(CONST)INFOC=1880-18FF                          #
#                            -Z(CONST)INFOD=1800-187F                          #
#                            -Z(CODE)CSTART,ISR_CODE=5C00-FF7F                 #
#                            -Z(CONST)DATA16_C,DATA16_ID,DIFUNCT,CHECKSUM=5C00 #
#                            -FF7F                                             #
#                            -P(CODE)CODE=5C00-FF7F,10000-45BFF                #
#                            -Z(CODE)CODE_ID                                   #
#                            -Z(CONST)DATA20_C,DATA20_ID=5C00-FF7F,10000-45BFF #
#                            -Z(CODE)INTVEC=FF80-FFFF                          #
#                            -Z(CODE)RESET=FFFE-FFFF) -f                       #
#                            D:\IAR\430\config\multiplier32_loc2.xcl           #
#                            (-e?Mul8HwLoc2=?Mul8 -e?Mul16HwLoc2=?Mul16        #
#                            -e?Mul16to32uHwLoc2=?Mul16to32u                   #
#                            -e?Mul16to32sHwLoc2=?Mul16to32s                   #
#                            -e?Mul32Hw32Loc2=?Mul32                           #
#                            -e?Mul64Hw32Loc2=_Mul64i                          #
#                            -e?Mul32u32uto64iHw32Loc2=_Mul32u32uto64i         #
#                            -e?Mul32fHwLoc2=_Mul32f                           #
#                            -e_Mul64fHwPtrLoc2=_Mul64fPtr)                    #
#                            -D_STACK_SIZE=400 -rt                             #
#                            D:\IAR\430\LIB\DLIB\dl430xlfn.r43                 #
#                            -e_PrintfLarge=_Printf -e_ScanfLarge=_Scanf       #
#                            -D_DATA16_HEAP_SIZE=1000 -s __program_start       #
#                            -D_DATA20_HEAP_SIZE=800                           #
#                                                                              #
#                           Copyright (C) 1987-2011 IAR Systems AB.            #
################################################################################





                ****************************************
                *                                      *
                *           CROSS REFERENCE            *
                *                                      *
                ****************************************

       Program entry at :           5C00  Relocatable, from module : ?cstart




                ****************************************
                *                                      *
                *            RUNTIME MODEL             *
                *                                      *
                ****************************************

  __Heap_Handler             = Basic
  __SystemLibrary            = DLib
  __core                     = 430X
  __data_model               = large
  __dlib_file_descriptor     = 0
  __dlib_full_locale_support = 0
  __double_size              = 32
  __pic                      = no
  __reg_r4                   = free
  __reg_r5                   = free
  __rt_version               = 3

                ****************************************
                *                                      *
                *    AUTOMATIC SYMBOL REDIRECTIONS     *
                *                                      *
                ****************************************




                ****************************************
                *                                      *
                *              MODULE MAP              *
                *                                      *
                ****************************************


  DEFINED ABSOLUTE ENTRIES
    *************************************************************************

  DEFINED ABSOLUTE ENTRIES
  PROGRAM MODULE, NAME : ?ABS_ENTRY_MOD

Absolute parts
           ENTRY                   ADDRESS         REF BY
           =====                   =======         ======
           _DATA20_HEAP_SIZE       0800 
           _DATA16_HEAP_SIZE       1000 
           _STACK_SIZE             0400 
           ?CPU30_OFFSET           0002 
    *************************************************************************

  FILE NAME : F:\存档\项目程序\项目\EM系列（2014.9.15）\EM系列\EM-5000\EM-5000（Ver2.1）\Debug\Obj\adc12.r43
  PROGRAM MODULE, NAME : adc12

  SEGMENTS IN THE MODULE
  ======================
DATA16_AN
  Relative segment, address: 0700 - 0701 (0x2 bytes), align: 0
  Segment part 1. ROOT.       Intra module refs:   adcTask
                                                   initAdc
           ENTRY                   ADDRESS         REF BY
           =====                   =======         ======
           _A_ADC12CTL0_L          0700 
           LOCAL                   ADDRESS         
           =====                   =======         
           ADC12CTL0               0700 
           ADC12CTL0_H             0701 
           ADC12CTL0_L             0700 
    -------------------------------------------------------------------------
DATA16_AN
  Relative segment, address: 0702 - 0703 (0x2 bytes), align: 0
  Segment part 2. ROOT.       Intra module refs:   adcTask
                                                   initAdc
           ENTRY                   ADDRESS         REF BY
           =====                   =======         ======
           _A_ADC12CTL1_L          0702 
           LOCAL                   ADDRESS         
           =====                   =======         
           ADC12CTL1               0702 
           ADC12CTL1_H             0703 
           ADC12CTL1_L             0702 
    -------------------------------------------------------------------------
DATA16_AN
  Relative segment, address: 0704 - 0705 (0x2 bytes), align: 0
  Segment part 3. ROOT.       Intra module refs:   initAdc
           ENTRY                   ADDRESS         REF BY
           =====                   =======         ======
           _A_ADC12CTL2_L          0704 
           LOCAL                   ADDRESS         
           =====                   =======         
           ADC12CTL2               0704 
           ADC12CTL2_H             0705 
           ADC12CTL2_L             0704 
    -------------------------------------------------------------------------
DATA16_AN
  Relative segment, address: 0720 - 0721 (0x2 bytes), align: 0
  Segment part 4. ROOT.       Intra module refs:   adcTask
           ENTRY                   ADDRESS         REF BY
           =====                   =======         ======
           _A_ADC12MEM0_L          0720 
           LOCAL                   ADDRESS         
           =====                   =======         
           ADC12MEM0               0720 
           ADC12MEM0_H             0721 
           ADC12MEM0_L             0720 
    -------------------------------------------------------------------------
DATA16_AN
  Relative segment, address: 0722 - 0723 (0x2 bytes), align: 0
  Segment part 5. ROOT.       Intra module refs:   adcTask
           ENTRY                   ADDRESS         REF BY
           =====                   =======         ======
           _A_ADC12MEM1_L          0722 
           LOCAL                   ADDRESS         
           =====                   =======         
           ADC12MEM1               0722 
           ADC12MEM1_H             0723 
           ADC12MEM1_L             0722 
    -------------------------------------------------------------------------
DATA16_AN
  Relative segment, address: 0724 - 0725 (0x2 bytes), align: 0
  Segment part 6. ROOT.       Intra module refs:   adcTask
           ENTRY                   ADDRESS         REF BY
           =====                   =======         ======
           _A_ADC12MEM2_L          0724 
           LOCAL                   ADDRESS         
           =====                   =======         
           ADC12MEM2               0724 
           ADC12MEM2_H             0725 
           ADC12MEM2_L             0724 
    -------------------------------------------------------------------------
DATA16_AN
  Relative segment, address: 0726 - 0727 (0x2 bytes), align: 0
  Segment part 7. ROOT.       Intra module refs:   adcTask
           ENTRY                   ADDRESS         REF BY
           =====                   =======         ======
           _A_ADC12MEM3_L          0726 
           LOCAL                   ADDRESS         
           =====                   =======         
           ADC12MEM3               0726 
           ADC12MEM3_H             0727 
           ADC12MEM3_L             0726 
    -------------------------------------------------------------------------
DATA16_AN
  Relative segment, address: 0710 - 0710 (0x1 bytes), align: 0
  Segment part 8. ROOT.       Intra module refs:   initAdc
           ENTRY                   ADDRESS         REF BY
           =====                   =======         ======
           ADC12MCTL0              0710 
    -------------------------------------------------------------------------
DATA16_AN
  Relative segment, address: 0711 - 0711 (0x1 bytes), align: 0
  Segment part 9. ROOT.       Intra module refs:   initAdc
           ENTRY                   ADDRESS         REF BY
           =====                   =======         ======
           ADC12MCTL1              0711 
    -------------------------------------------------------------------------
DATA16_AN
  Relative segment, address: 0712 - 0712 (0x1 bytes), align: 0
  Segment part 10. ROOT.      Intra module refs:   initAdc
           ENTRY                   ADDRESS         REF BY
           =====                   =======         ======
           ADC12MCTL2              0712 
    -------------------------------------------------------------------------
DATA16_AN
  Relative segment, address: 0713 - 0713 (0x1 bytes), align: 0
  Segment part 11. ROOT.      Intra module refs:   initAdc
           ENTRY                   ADDRESS         REF BY
           =====                   =======         ======
           ADC12MCTL3              0713 
    -------------------------------------------------------------------------
DATA16_AN
  Relative segment, address: 0242 - 0243 (0x2 bytes), align: 0
  Segment part 12. ROOT.      Intra module refs:   adcTask
                                                   check (test)
                                                   ds18b20_read_byte (ds18b20)
                                                   ds18b20_write_byte (ds18b20)
                                                   initAdc
                                                   initPumpIo (pump)
                                                   init_Ucs (chip)
                                                   powerOff (test)
                                                   scanKey (key)
                                                   selectPump (pump)
                                                   start_ds18b20 (ds18b20)
           ENTRY                   ADDRESS         REF BY
           =====                   =======         ======
           _A_PCOUT_L              0242 
           LOCAL                   ADDRESS         
           =====                   =======         
           PCOUT                   0242 
           PCOUT_H                 0243 
           PCOUT_L                 0242 
    -------------------------------------------------------------------------
DATA16_AN
  Relative segment, address: 0244 - 0245 (0x2 bytes), align: 0
  Segment part 13. ROOT.      Intra module refs:   check (test)
                                                   ds18b20_read_byte (ds18b20)
                                                   ds18b20_write_byte (ds18b20)
                                                   initAdc
                                                   initPumpIo (pump)
                                                   init_Ucs (chip)
                                                   start_ds18b20 (ds18b20)
           ENTRY                   ADDRESS         REF BY
           =====                   =======         ======
           _A_PCDIR_L              0244 
           LOCAL                   ADDRESS         
           =====                   =======         
           PCDIR                   0244 
           PCDIR_H                 0245 
           PCDIR_L                 0244 
    -------------------------------------------------------------------------
DATA16_AN
  Relative segment, address: 024A - 024B (0x2 bytes), align: 0
  Segment part 14. ROOT.      Intra module refs:   initAdc
                                                   init_Ucs (chip)
           ENTRY                   ADDRESS         REF BY
           =====                   =======         ======
           _A_PCSEL_L              024A 
           LOCAL                   ADDRESS         
           =====                   =======         
           PCSEL                   024A 
           PCSEL_H                 024B 
           PCSEL_L                 024A 
    -------------------------------------------------------------------------
DATA16_AN
  Relative segment, address: 0262 - 0263 (0x2 bytes), align: 0
  Segment part 15. ROOT.      Intra module refs:   initAdc
                                                   write_cmd (lcd)
                                                   write_data (lcd)
           ENTRY                   ADDRESS         REF BY
           =====                   =======         ======
           _A_PDOUT_L              0262 
           LOCAL                   ADDRESS         
           =====                   =======         
           PDOUT                   0262 
           PDOUT_H                 0263 
           PDOUT_L                 0262 
    -------------------------------------------------------------------------
DATA16_AN
  Relative segment, address: 0264 - 0265 (0x2 bytes), align: 0
  Segment part 16. ROOT.      Intra module refs:   initAdc
                                                   init_Lcd (lcd)
           ENTRY                   ADDRESS         REF BY
           =====                   =======         ======
           _A_PDDIR_L              0264 
           LOCAL                   ADDRESS         
           =====                   =======         
           PDDIR                   0264 
           PDDIR_H                 0265 
           PDDIR_L                 0264 
    -------------------------------------------------------------------------
DATA16_AN
  Relative segment, address: 026A - 026B (0x2 bytes), align: 0
  Segment part 17. ROOT.      Intra module refs:   initAdc
                                                   init_Ucs (chip)
           ENTRY                   ADDRESS         REF BY
           =====                   =======         ======
           _A_PDSEL_L              026A 
           LOCAL                   ADDRESS         
           =====                   =======         
           PDSEL                   026A 
           PDSEL_H                 026B 
           PDSEL_L                 026A 
    -------------------------------------------------------------------------
DATA16_AN
  Relative segment, address: 015C - 015D (0x2 bytes), align: 0
  Segment part 18. ROOT.      Intra module refs:   adcTask
                                                   check (test)
                                                   guiTask (main)
                                                   initBsp (bsp)
                                                   powerOff (test)
                                                   scanKey (key)
           ENTRY                   ADDRESS         REF BY
           =====                   =======         ======
           _A_WDTCTL_L             015C 
           LOCAL                   ADDRESS         
           =====                   =======         
           WDTCTL                  015C 
           WDTCTL_H                015D 
           WDTCTL_L                015C 
    -------------------------------------------------------------------------
DATA20_Z
  Relative segment, address: 1D22 - 1D27 (0x6 bytes), align: 1
  Segment part 21.            Intra module refs:   adcTask
                                                   waitAdc12
           LOCAL                   ADDRESS         
           =====                   =======         
           adc12Sem                1D22 
    -------------------------------------------------------------------------
DATA20_N
  Relative segment, address: 2460 - 29D7 (0x578 bytes), align: 1
  Segment part 22.            Intra module refs:   adcTask
                                                   initBuf
           LOCAL                   ADDRESS         
           =====                   =======         
           preBuf                  2460 
    -------------------------------------------------------------------------
DATA20_N
  Relative segment, address: 29D8 - 2B03 (0x12c bytes), align: 1
  Segment part 23.            Intra module refs:   adcTask
                                                   initBuf
           LOCAL                   ADDRESS         
           =====                   =======         
           smpData                 29D8 
    -------------------------------------------------------------------------
DATA20_I
  Relative segment, address: 1C00 - 1C01 (0x2 bytes), align: 1
  Segment part 24.            Intra module refs:   adcTask
                                                   get_SAMP_T
                                                   set_SAMP_T
           LOCAL                   ADDRESS         
           =====                   =======         
           SAMP_T                  1C00 
    -------------------------------------------------------------------------
DATA20_I
  Relative segment, address: 1D20 - 1D20 (0x1 bytes), align: 0
  Segment part 26.            Intra module refs:   adcTask
           LOCAL                   ADDRESS         
           =====                   =======         
           adcSmpFlag              1D20 
    -------------------------------------------------------------------------
DATA20_Z
  Relative segment, address: 1D28 - 1D29 (0x2 bytes), align: 1
  Segment part 28.            Intra module refs:   adcTask
                                                   getBattery1
           LOCAL                   ADDRESS         
           =====                   =======         
           otherComp               1D28 
    -------------------------------------------------------------------------
DATA20_Z
  Relative segment, address: 1D2A - 1D2B (0x2 bytes), align: 1
  Segment part 29.            Intra module refs:   adcTask
                                                   getPress
           LOCAL                   ADDRESS         
           =====                   =======         
           preComp                 1D2A 
    -------------------------------------------------------------------------
DATA20_Z
  Relative segment, address: 1D2C - 1D2F (0x4 bytes), align: 1
  Segment part 30.            Intra module refs:   adcTask
                                                   getBattery1
           LOCAL                   ADDRESS         
           =====                   =======         
           battery1Sum             1D2C 
    -------------------------------------------------------------------------
DATA20_Z
  Relative segment, address: 1D30 - 1D33 (0x4 bytes), align: 1
  Segment part 31.            Intra module refs:   adcTask
                                                   getPress
           LOCAL                   ADDRESS         
           =====                   =======         
           presureSum              1D30 
    -------------------------------------------------------------------------
DATA20_Z
  Relative segment, address: 1D34 - 1D37 (0x4 bytes), align: 1
  Segment part 32.            Intra module refs:   adcTask
           LOCAL                   ADDRESS         
           =====                   =======         
           pumpCurSum              1D34 
    -------------------------------------------------------------------------
DATA20_Z
  Relative segment, address: 1D38 - 1D3B (0x4 bytes), align: 1
  Segment part 33.            Intra module refs:   adcTask
           LOCAL                   ADDRESS         
           =====                   =======         
           pumpVoltSum             1D38 
    -------------------------------------------------------------------------
DATA20_Z
  Relative segment, address: 1D3C - 1D3D (0x2 bytes), align: 1
  Segment part 34.            Intra module refs:   adcTask
                                                   getBattery1
           LOCAL                   ADDRESS         
           =====                   =======         
           battery1                1D3C 
    -------------------------------------------------------------------------
DATA20_Z
  Relative segment, address: 1D3E - 1D3F (0x2 bytes), align: 1
  Segment part 35.            Intra module refs:   getPress
           LOCAL                   ADDRESS         
           =====                   =======         
           press_AD                1D3E 
    -------------------------------------------------------------------------
DATA20_Z
  Relative segment, address: 1D40 - 1D41 (0x2 bytes), align: 1
  Segment part 36.            Intra module refs:   adcTask
           LOCAL                   ADDRESS         
           =====                   =======         
           pump_I                  1D40 
    -------------------------------------------------------------------------
DATA20_Z
  Relative segment, address: 1D42 - 1D43 (0x2 bytes), align: 1
  Segment part 37.            Intra module refs:   adcTask
           LOCAL                   ADDRESS         
           =====                   =======         
           pump_V                  1D42 
    -------------------------------------------------------------------------
<CODE> 2 (was CODE)
  Relative segment, address: 00020690 - 00020697 (0x8 bytes), align: 1
  Segment part 48.
           ENTRY                   ADDRESS         REF BY
           =====                   =======         ======
           set_SAMP_T              00020690        cacuTBMenuOnLeft (display)
                                                   cacuTBMenuOnRight (display)
                                                   changeFlow (pump)
               CSTACK = 00000000 ( 00000004 )
    -------------------------------------------------------------------------
<CODE> 2 (was CODE)
  Relative segment, address: 00020678 - 0002067F (0x8 bytes), align: 1
  Segment part 47.
           ENTRY                   ADDRESS         REF BY
           =====                   =======         ======
           get_SAMP_T              00020678        cacuTBMenuExec (display)
                                                   cacuTBMenuOnLeft (display)
                                                   cacuTBMenuOnRight (display)
               CSTACK = 00000000 ( 00000004 )
    -------------------------------------------------------------------------
<CODE> 2 (was CODE)
  Relative segment, address: 0001E9AC - 0001EA07 (0x5c bytes), align: 1
  Segment part 40.            Intra module refs:   adcTask
           ENTRY                   ADDRESS         REF BY
           =====                   =======         ======
           initBuf                 0001E9AC 
               CSTACK = 00000000 ( 00000004 )
    -------------------------------------------------------------------------
<CODE> 2 (was CODE)
  Relative segment, address: 0001F05C - 0001F0A9 (0x4e bytes), align: 1
  Segment part 39.            Intra module refs:   adcTask
           ENTRY                   ADDRESS         REF BY
           =====                   =======         ======
           initAdc                 0001F05C 
               CSTACK = 00000000 ( 00000004 )
    -------------------------------------------------------------------------
<CODE> 2 (was CODE)
  Relative segment, address: 0001FC02 - 0001FC31 (0x30 bytes), align: 1
  Segment part 45.
           ENTRY                   ADDRESS         REF BY
           =====                   =======         ======
           getBattery1             0001FC02        charge (charger)
                                                   check (test)
               CSTACK = 00000000 ( 00000008 )
    -------------------------------------------------------------------------
<CODE> 2 (was CODE)
  Relative segment, address: 0001F944 - 0001F979 (0x36 bytes), align: 1
  Segment part 44.
           ENTRY                   ADDRESS         REF BY
           =====                   =======         ======
           getPress                0001F944        cacuTBMenuExec (display)
                                                   calcuTask (pump)
                                                   calibrateFlowMenuExec (display)
                                                   pumpLoop (pump)
                                                   sysExec (display)
               CSTACK = 00000000 ( 00000008 )
    -------------------------------------------------------------------------
<CODE> 2 (was CODE)
  Relative segment, address: 00012CBA - 00012F7F (0x2c6 bytes), align: 1
  Segment part 41.
           ENTRY                   ADDRESS         REF BY
           =====                   =======         ======
           adcTask                 00012CBA        main (main)
               calls direct
               CSTACK = 00000000 ( 0000001C )
    -------------------------------------------------------------------------
<CODE> 2 (was CODE)
  Relative segment, address: 00020630 - 0002063B (0xc bytes), align: 1
  Segment part 38.
           ENTRY                   ADDRESS         REF BY
           =====                   =======         ======
           waitAdc12               00020630        guiTask (main)
               calls direct
               CSTACK = 00000000 ( 00000004 )
    -------------------------------------------------------------------------
DATA20_ID
  Relative segment, address: 00023ECC - 00023ECD (0x2 bytes), align: 1
  Segment part 25.            Intra module refs:   SAMP_T
    -------------------------------------------------------------------------
DATA20_ID
  Relative segment, address: 00023FEC - 00023FEC (0x1 bytes), align: 0
  Segment part 27.            Intra module refs:   adcSmpFlag

    *************************************************************************

  FILE NAME : F:\存档\项目程序\项目\EM系列（2014.9.15）\EM系列\EM-5000\EM-5000（Ver2.1）\Debug\Obj\bmp085.r43
  PROGRAM MODULE, NAME : bmp085

  SEGMENTS IN THE MODULE
  ======================
DATA16_AN
  Relative segment, address: 0220 - 0221 (0x2 bytes), align: 0
  Segment part 1. ROOT.       Intra module refs:   bmp085_get_ask
                                                   bmp085_recv_byte
           ENTRY                   ADDRESS         REF BY
           =====                   =======         ======
           _A_PBIN_L               0220 
           LOCAL                   ADDRESS         
           =====                   =======         
           PBIN                    0220 
           PBIN_H                  0221 
           PBIN_L                  0220 
    -------------------------------------------------------------------------
DATA16_AN
  Relative segment, address: 0222 - 0223 (0x2 bytes), align: 0
  Segment part 2. ROOT.       Intra module refs:   bmp085_ask
                                                   bmp085_get_ask
                                                   bmp085_no_ask
                                                   bmp085_recv_byte
                                                   bmp085_send_byte
                                                   bmp085_start
                                                   bmp085_stop
                                                   init_Lcd (lcd)
                                                   write_cmd (lcd)
                                                   write_data (lcd)
           ENTRY                   ADDRESS         REF BY
           =====                   =======         ======
           _A_PBOUT_L              0222 
           LOCAL                   ADDRESS         
           =====                   =======         
           PBOUT                   0222 
           PBOUT_H                 0223 
           PBOUT_L                 0222 
    -------------------------------------------------------------------------
DATA16_AN
  Relative segment, address: 0224 - 0225 (0x2 bytes), align: 0
  Segment part 3. ROOT.       Intra module refs:   bmp085_ask
                                                   bmp085_get_ask
                                                   bmp085_no_ask
                                                   bmp085_recv_byte
                                                   bmp085_send_byte
                                                   bmp085_start
                                                   bmp085_stop
                                                   initPumpIo (pump)
                                                   init_Lcd (lcd)
                                                   init_bmp085
           ENTRY                   ADDRESS         REF BY
           =====                   =======         ======
           _A_PBDIR_L              0224 
           LOCAL                   ADDRESS         
           =====                   =======         
           PBDIR                   0224 
           PBDIR_H                 0225 
           PBDIR_L                 0224 
    -------------------------------------------------------------------------
DATA20_Z
  Relative segment, address: 1D44 - 1D59 (0x16 bytes), align: 1
  Segment part 5.             Intra module refs:   check_press_trans
                                                   init_bmp085
                                                   pressTask
           LOCAL                   ADDRESS         
           =====                   =======         
           bmp085_parameter        1D44 
    -------------------------------------------------------------------------
DATA20_Z
  Relative segment, address: 1D5A - 1D5D (0x4 bytes), align: 1
  Segment part 6.             Intra module refs:   pressTask
           ENTRY                   ADDRESS         REF BY
           =====                   =======         ======
           curPressure             1D5A            sysExec (display)
    -------------------------------------------------------------------------
<CODE> 2 (was CODE)
  Relative segment, address: 0001CA04 - 0001CAA3 (0xa0 bytes), align: 1
  Segment part 17.            Intra module refs:   check_press_trans
                                                   pressTask
           ENTRY                   ADDRESS         REF BY
           =====                   =======         ======
           init_bmp085             0001CA04 
               calls direct
               CSTACK = 00000000 ( 00000004 )
    -------------------------------------------------------------------------
<CODE> 2 (was CODE)
  Relative segment, address: 00020270 - 0002028D (0x1e bytes), align: 1
  Segment part 13.            Intra module refs:   bmp085_read_word
                                                   read_bmp085_pressure
                                                   read_bmp085_temp
           ENTRY                   ADDRESS         REF BY
           =====                   =======         ======
           bmp085_start            00020270 
               calls direct
               CSTACK = 00000000 ( 00000004 )
    -------------------------------------------------------------------------
<CODE> 2 (was CODE)
  Relative segment, address: 00020144 - 00020167 (0x24 bytes), align: 1
  Segment part 7.             Intra module refs:   bmp085_read_word
                                                   read_bmp085_pressure
                                                   read_bmp085_temp
           ENTRY                   ADDRESS         REF BY
           =====                   =======         ======
           bmp085_stop             00020144 
               calls direct
               CSTACK = 00000000 ( 00000004 )
    -------------------------------------------------------------------------
<CODE> 2 (was CODE)
  Relative segment, address: 000200AC - 000200D1 (0x26 bytes), align: 1
  Segment part 9.             Intra module refs:   bmp085_read_word
           ENTRY                   ADDRESS         REF BY
           =====                   =======         ======
           bmp085_ask              000200AC 
               calls direct
               CSTACK = 00000000 ( 00000004 )
    -------------------------------------------------------------------------
<CODE> 2 (was CODE)
  Relative segment, address: 0002011E - 00020143 (0x26 bytes), align: 1
  Segment part 8.             Intra module refs:   bmp085_read_word
           ENTRY                   ADDRESS         REF BY
           =====                   =======         ======
           bmp085_no_ask           0002011E 
               calls direct
               CSTACK = 00000000 ( 00000004 )
    -------------------------------------------------------------------------
<CODE> 2 (was CODE)
  Relative segment, address: 0001F412 - 0001F455 (0x44 bytes), align: 1
  Segment part 11.            Intra module refs:   bmp085_read_word
                                                   read_bmp085_pressure
                                                   read_bmp085_temp
           ENTRY                   ADDRESS         REF BY
           =====                   =======         ======
           bmp085_get_ask          0001F412 
               calls direct
               CSTACK = 00000000 ( 00000008 )
    -------------------------------------------------------------------------
<CODE> 2 (was CODE)
  Relative segment, address: 0001FC62 - 0001FC8F (0x2e bytes), align: 1
  Segment part 12.            Intra module refs:   bmp085_read_word
                                                   read_bmp085_pressure
                                                   read_bmp085_temp
           ENTRY                   ADDRESS         REF BY
           =====                   =======         ======
           bmp085_send_byte        0001FC62 
               CSTACK = 00000000 ( 00000004 )
    -------------------------------------------------------------------------
<CODE> 2 (was CODE)
  Relative segment, address: 0001FA14 - 0001FA45 (0x32 bytes), align: 1
  Segment part 10.            Intra module refs:   bmp085_read_word
           ENTRY                   ADDRESS         REF BY
           =====                   =======         ======
           bmp085_recv_byte        0001FA14 
               CSTACK = 00000000 ( 00000004 )
    -------------------------------------------------------------------------
<CODE> 2 (was CODE)
  Relative segment, address: 0001D4A4 - 0001D52D (0x8a bytes), align: 1
  Segment part 14.            Intra module refs:   init_bmp085
                                                   read_bmp085_pressure
                                                   read_bmp085_temp
           ENTRY                   ADDRESS         REF BY
           =====                   =======         ======
           bmp085_read_word        0001D4A4 
               calls direct
               CSTACK = 00000000 ( 0000001C )
    -------------------------------------------------------------------------
<CODE> 2 (was CODE)
  Relative segment, address: 0001DE40 - 0001DEB7 (0x78 bytes), align: 1
  Segment part 16.            Intra module refs:   pressTask
           ENTRY                   ADDRESS         REF BY
           =====                   =======         ======
           read_bmp085_temp        0001DE40 
               calls direct
               CSTACK = 00000000 ( 00000008 )
    -------------------------------------------------------------------------
<CODE> 2 (was CODE)
  Relative segment, address: 0001E104 - 0001E177 (0x74 bytes), align: 1
  Segment part 15.            Intra module refs:   pressTask
           ENTRY                   ADDRESS         REF BY
           =====                   =======         ======
           read_bmp085_pressure    0001E104 
               calls direct
               CSTACK = 00000000 ( 0000000C )
    -------------------------------------------------------------------------
<CODE> 2 (was CODE)
  Relative segment, address: 0001DD4C - 0001DDC5 (0x7a bytes), align: 1
  Segment part 19.
           ENTRY                   ADDRESS         REF BY
           =====                   =======         ======
           check_press_trans       0001DD4C        check (test)
               calls direct
               CSTACK = 00000000 ( 00000004 )
    -------------------------------------------------------------------------
<CODE> 2 (was CODE)
  Relative segment, address: 000114BC - 0001180D (0x352 bytes), align: 1
  Segment part 18.
           ENTRY                   ADDRESS         REF BY
           =====                   =======         ======
           pressTask               000114BC        main (main)
               calls direct
               CSTACK = 00000000 ( 00000040 )

    *************************************************************************

  FILE NAME : F:\存档\项目程序\项目\EM系列（2014.9.15）\EM系列\EM-5000\EM-5000（Ver2.1）\Debug\Obj\bsp.r43
  PROGRAM MODULE, NAME : bsp

  SEGMENTS IN THE MODULE
  ======================
DATA16_AN
  Relative segment, address: 0340 - 0341 (0x2 bytes), align: 0
  Segment part 1. ROOT.       Intra module refs:   initClock
           ENTRY                   ADDRESS         REF BY
           =====                   =======         ======
           TA0CTL                  0340 
    -------------------------------------------------------------------------
DATA16_AN
  Relative segment, address: 0342 - 0343 (0x2 bytes), align: 0
  Segment part 2. ROOT.       Intra module refs:   initClock
           ENTRY                   ADDRESS         REF BY
           =====                   =======         ======
           TA0CCTL0                0342 
    -------------------------------------------------------------------------
DATA16_AN
  Relative segment, address: 0352 - 0353 (0x2 bytes), align: 0
  Segment part 3. ROOT.       Intra module refs:   initClock
           ENTRY                   ADDRESS         REF BY
           =====                   =======         ======
           TA0CCR0                 0352 
    -------------------------------------------------------------------------
<CODE> 2 (was CODE)
  Relative segment, address: 000203A2 - 000203BB (0x1a bytes), align: 1
  Segment part 8.             Intra module refs:   initBsp
           ENTRY                   ADDRESS         REF BY
           =====                   =======         ======
           initClock               000203A2 
               CSTACK = 00000000 ( 00000004 )
    -------------------------------------------------------------------------
<CODE> 2 (was CODE)
  Relative segment, address: 000204DC - 000204ED (0x12 bytes), align: 1
  Segment part 9.
           ENTRY                   ADDRESS         REF BY
           =====                   =======         ======
           initBsp                 000204DC        main (main)
               calls direct
               CSTACK = 00000000 ( 00000004 )
    -------------------------------------------------------------------------
ISR_CODE
  Relative segment, address: 5C30 - 5C3F (0x10 bytes), align: 1
  Segment part 7.             Intra module refs:   timerA0::??INTVEC 108
           ENTRY                   ADDRESS         REF BY
           =====                   =======         ======
           timerA0                 5C30 
               interrupt function
               calls direct
               CSTACK = 00000000 ( 00000014 )
    -------------------------------------------------------------------------
INTVEC
  Common segment, address: FF80 - FFED (0x6e bytes), align: 1
  Segment part 5. ROOT.
           ENTRY                   ADDRESS         REF BY
           =====                   =======         ======
           timerA0::??INTVEC 108   FFEC 

    *************************************************************************

  FILE NAME : F:\存档\项目程序\项目\EM系列（2014.9.15）\EM系列\EM-5000\EM-5000（Ver2.1）\Debug\Obj\charger.r43
  PROGRAM MODULE, NAME : charger

  SEGMENTS IN THE MODULE
  ======================
DATA16_AN
  Relative segment, address: 0240 - 0241 (0x2 bytes), align: 0
  Segment part 1. ROOT.       Intra module refs:   ds18b20_read_byte (ds18b20)
                                                   start_ds18b20 (ds18b20)
           ENTRY                   ADDRESS         REF BY
           =====                   =======         ======
           _A_PCIN_L               0240 
           LOCAL                   ADDRESS         
           =====                   =======         
           PCIN                    0240 
           PCIN_H                  0241 
           PCIN_L                  0240 
    -------------------------------------------------------------------------
DATA20_Z
  Relative segment, address: 1D5E - 1D5F (0x2 bytes), align: 1
  Segment part 4.             Intra module refs:   isCharge
           LOCAL                   ADDRESS         
           =====                   =======         
           isChargeFlag            1D5E 
    -------------------------------------------------------------------------
DATA20_I
  Relative segment, address: 1C02 - 1C03 (0x2 bytes), align: 1
  Segment part 5.             Intra module refs:   charge
                                                   getBatLev
           LOCAL                   ADDRESS         
           =====                   =======         
           batLevel                1C02 
    -------------------------------------------------------------------------
DATA20_Z
  Relative segment, address: 1D60 - 1D61 (0x2 bytes), align: 1
  Segment part 7.             Intra module refs:   isCharge
           LOCAL                   ADDRESS         
           =====                   =======         
           chargeStatus            1D60 
    -------------------------------------------------------------------------
<CODE> 2 (was CODE)
  Relative segment, address: 00020698 - 0002069F (0x8 bytes), align: 1
  Segment part 12.
           ENTRY                   ADDRESS         REF BY
           =====                   =======         ======
           getBatLev               00020698        guiExec (display)
               CSTACK = 00000000 ( 00000004 )
    -------------------------------------------------------------------------
<CODE> 2 (was CODE)
  Relative segment, address: 00020436 - 0002044B (0x16 bytes), align: 1
  Segment part 11.
           ENTRY                   ADDRESS         REF BY
           =====                   =======         ======
           isCharge                00020436        batShow (display)
               CSTACK = 00000000 ( 00000004 )
    -------------------------------------------------------------------------
<CODE> 2 (was CODE)
  Relative segment, address: 0001EA08 - 0001EA63 (0x5c bytes), align: 1
  Segment part 8.
           ENTRY                   ADDRESS         REF BY
           =====                   =======         ======
           charge                  0001EA08        guiExec (display)
                                                   newGui (display)
               calls direct
               CSTACK = 00000000 ( 00000008 )
    -------------------------------------------------------------------------
DATA20_ID
  Relative segment, address: 00023ECE - 00023ECF (0x2 bytes), align: 1
  Segment part 6.             Intra module refs:   batLevel

    *************************************************************************

  FILE NAME : F:\存档\项目程序\项目\EM系列（2014.9.15）\EM系列\EM-5000\EM-5000（Ver2.1）\Debug\Obj\chip.r43
  PROGRAM MODULE, NAME : chip

  SEGMENTS IN THE MODULE
  ======================
DATA16_AN
  Relative segment, address: 0102 - 0103 (0x2 bytes), align: 0
  Segment part 5. ROOT.       Intra module refs:   init_Ucs
           ENTRY                   ADDRESS         REF BY
           =====                   =======         ======
           _A_SFRIFG1_L            0102 
           LOCAL                   ADDRESS         
           =====                   =======         
           SFRIFG1                 0102 
           SFRIFG1_H               0103 
           SFRIFG1_L               0102 
    -------------------------------------------------------------------------
DATA16_AN
  Relative segment, address: 0160 - 0161 (0x2 bytes), align: 0
  Segment part 6. ROOT.       Intra module refs:   init_Ucs
           ENTRY                   ADDRESS         REF BY
           =====                   =======         ======
           _A_UCSCTL0_L            0160 
           LOCAL                   ADDRESS         
           =====                   =======         
           UCSCTL0                 0160 
           UCSCTL0_H               0161 
           UCSCTL0_L               0160 
    -------------------------------------------------------------------------
DATA16_AN
  Relative segment, address: 0162 - 0163 (0x2 bytes), align: 0
  Segment part 7. ROOT.       Intra module refs:   init_Ucs
           ENTRY                   ADDRESS         REF BY
           =====                   =======         ======
           _A_UCSCTL1_L            0162 
           LOCAL                   ADDRESS         
           =====                   =======         
           UCSCTL1                 0162 
           UCSCTL1_H               0163 
           UCSCTL1_L               0162 
    -------------------------------------------------------------------------
DATA16_AN
  Relative segment, address: 0164 - 0165 (0x2 bytes), align: 0
  Segment part 8. ROOT.       Intra module refs:   init_Ucs
           ENTRY                   ADDRESS         REF BY
           =====                   =======         ======
           _A_UCSCTL2_L            0164 
           LOCAL                   ADDRESS         
           =====                   =======         
           UCSCTL2                 0164 
           UCSCTL2_H               0165 
           UCSCTL2_L               0164 
    -------------------------------------------------------------------------
DATA16_AN
  Relative segment, address: 0166 - 0167 (0x2 bytes), align: 0
  Segment part 9. ROOT.       Intra module refs:   init_Ucs
           ENTRY                   ADDRESS         REF BY
           =====                   =======         ======
           _A_UCSCTL3_L            0166 
           LOCAL                   ADDRESS         
           =====                   =======         
           UCSCTL3                 0166 
           UCSCTL3_H               0167 
           UCSCTL3_L               0166 
    -------------------------------------------------------------------------
DATA16_AN
  Relative segment, address: 0168 - 0169 (0x2 bytes), align: 0
  Segment part 10. ROOT.      Intra module refs:   init_Ucs
           ENTRY                   ADDRESS         REF BY
           =====                   =======         ======
           _A_UCSCTL4_L            0168 
           LOCAL                   ADDRESS         
           =====                   =======         
           UCSCTL4                 0168 
           UCSCTL4_H               0169 
           UCSCTL4_L               0168 
    -------------------------------------------------------------------------
DATA16_AN
  Relative segment, address: 016C - 016D (0x2 bytes), align: 0
  Segment part 11. ROOT.      Intra module refs:   init_Ucs
           ENTRY                   ADDRESS         REF BY
           =====                   =======         ======
           _A_UCSCTL6_L            016C 
           LOCAL                   ADDRESS         
           =====                   =======         
           UCSCTL6                 016C 
           UCSCTL6_H               016D 
           UCSCTL6_L               016C 
    -------------------------------------------------------------------------
DATA16_AN
  Relative segment, address: 016E - 016F (0x2 bytes), align: 0
  Segment part 12. ROOT.      Intra module refs:   init_Ucs
           ENTRY                   ADDRESS         REF BY
           =====                   =======         ======
           _A_UCSCTL7_L            016E 
           LOCAL                   ADDRESS         
           =====                   =======         
           UCSCTL7                 016E 
           UCSCTL7_H               016F 
           UCSCTL7_L               016E 
    -------------------------------------------------------------------------
DATA20_Z
  Relative segment, address: 1D62 - 1D63 (0x2 bytes), align: 1
  Segment part 14.            Intra module refs:   get_DCO
                                                   init_Ucs
           LOCAL                   ADDRESS         
           =====                   =======         
           DCO                     1D62 
    -------------------------------------------------------------------------
<CODE> 2 (was CODE)
  Relative segment, address: 00020680 - 00020687 (0x8 bytes), align: 1
  Segment part 18.
           ENTRY                   ADDRESS         REF BY
           =====                   =======         ======
           get_DCO                 00020680        sysExec (display)
               CSTACK = 00000000 ( 00000004 )
    -------------------------------------------------------------------------
DATA20_Z
  Relative segment, address: 1D64 - 1D65 (0x2 bytes), align: 1
  Segment part 15.            Intra module refs:   init_Ucs
           ENTRY                   ADDRESS         REF BY
           =====                   =======         ======
           ct                      1D64 
    -------------------------------------------------------------------------
<CODE> 2 (was CODE)
  Relative segment, address: 0001A054 - 0001A17B (0x128 bytes), align: 1
  Segment part 17.
           ENTRY                   ADDRESS         REF BY
           =====                   =======         ======
           init_Ucs                0001A054        initBsp (bsp)
               calls direct
               CSTACK = 00000000 ( 00000008 )
    -------------------------------------------------------------------------
<CODE> 2 (was CODE)
  Relative segment, address: 00020300 - 0002031B (0x1c bytes), align: 1
  Segment part 16.
           ENTRY                   ADDRESS         REF BY
           =====                   =======         ======
           delay                   00020300        bmp085_ask (bmp085)
                                                   bmp085_get_ask (bmp085)
                                                   bmp085_no_ask (bmp085)
                                                   bmp085_read_word (bmp085)
                                                   bmp085_start (bmp085)
                                                   bmp085_stop (bmp085)
                                                   ds18b20_read_byte (ds18b20)
                                                   ds18b20_write_byte (ds18b20)
                                                   guiExec (display)
                                                   iic_Ask (iic)
                                                   iic_GetAsk (iic)
                                                   iic_NoAsk (iic)
                                                   iic_RcvByte (iic)
                                                   iic_SendByte (iic)
                                                   iic_Start (iic)
                                                   iic_Stop (iic)
                                                   init_IIC (iic)
                                                   readrom (ds18b20)
                                                   set_default (pump)
                                                   start_ds18b20 (ds18b20)
                                                   writeByte (iic)
                                                   writeDWord (iic)
                                                   writeWord (iic)
               CSTACK = 00000000 ( 00000004 )

    *************************************************************************

  FILE NAME : F:\存档\项目程序\项目\EM系列（2014.9.15）\EM系列\EM-5000\EM-5000（Ver2.1）\Debug\Obj\display.r43
  PROGRAM MODULE, NAME : display

  SEGMENTS IN THE MODULE
  ======================
DATA16_AN
  Relative segment, address: 03C4 - 03C5 (0x2 bytes), align: 0
  Segment part 1. ROOT.       Intra module refs:   cacuTBMenuOnEsc
                                                   cacuTBMenuOnOk
                                                   initTb0 (pump)
                                                   startPump (pump)
                                                   stopPump (pump)
           ENTRY                   ADDRESS         REF BY
           =====                   =======         ======
           TB0CCTL1                03C4 
    -------------------------------------------------------------------------
DATA16_AN
  Relative segment, address: 03D2 - 03D3 (0x2 bytes), align: 0
  Segment part 2. ROOT.       Intra module refs:   cacuTBMenuOnRight
                                                   initTb0 (pump)
           ENTRY                   ADDRESS         REF BY
           =====                   =======         ======
           TB0CCR0                 03D2 
    -------------------------------------------------------------------------
DATA16_AN
  Relative segment, address: 03D4 - 03D5 (0x2 bytes), align: 0
  Segment part 3. ROOT.       Intra module refs:   cacuTBMenuExec
                                                   cacuTBMenuOnLeft
                                                   cacuTBMenuOnRight
                                                   calibrateFlowMenuExec
                                                   initTb0 (pump)
                                                   pumpLoop (pump)
                                                   startPump (pump)
                                                   stopPump (pump)
                                                   sysExec
           ENTRY                   ADDRESS         REF BY
           =====                   =======         ======
           TB0CCR1                 03D4 
    -------------------------------------------------------------------------
DATA20_C
  Relative segment, address: 0002196C - 00021974 (0x9 bytes), align: 0
  Segment part 5.             Intra module refs:   Segment part 194
    -------------------------------------------------------------------------
DATA20_C
  Relative segment, address: 00021975 - 0002197D (0x9 bytes), align: 0
  Segment part 6.             Intra module refs:   Segment part 194
    -------------------------------------------------------------------------
DATA20_C
  Relative segment, address: 0002197E - 00021986 (0x9 bytes), align: 0
  Segment part 7.             Intra module refs:   Segment part 194
    -------------------------------------------------------------------------
DATA20_C
  Relative segment, address: 00021987 - 0002198F (0x9 bytes), align: 0
  Segment part 8.             Intra module refs:   Segment part 194
    -------------------------------------------------------------------------
DATA20_C
  Relative segment, address: 00021990 - 00021998 (0x9 bytes), align: 0
  Segment part 9.             Intra module refs:   Segment part 196
    -------------------------------------------------------------------------
DATA20_C
  Relative segment, address: 00021999 - 000219A1 (0x9 bytes), align: 0
  Segment part 10.            Intra module refs:   Segment part 196
    -------------------------------------------------------------------------
DATA20_C
  Relative segment, address: 000219A2 - 000219AA (0x9 bytes), align: 0
  Segment part 11.            Intra module refs:   Segment part 196
    -------------------------------------------------------------------------
DATA20_C
  Relative segment, address: 000219AB - 000219B3 (0x9 bytes), align: 0
  Segment part 12.            Intra module refs:   Segment part 196
    -------------------------------------------------------------------------
DATA20_C
  Relative segment, address: 000219B4 - 000219BA (0x7 bytes), align: 0
  Segment part 13.            Intra module refs:   errorMenuShow
                                                   guiExec
    -------------------------------------------------------------------------
DATA20_C
  Relative segment, address: 000219BB - 000219BD (0x3 bytes), align: 0
  Segment part 14.            Intra module refs:   Segment part 219
                                                   sysTimeSetMenuShow
    -------------------------------------------------------------------------
DATA20_C
  Relative segment, address: 000219BE - 000219C0 (0x3 bytes), align: 0
  Segment part 15.            Intra module refs:   Segment part 219
                                                   sysTimeSetMenuShow
    -------------------------------------------------------------------------
DATA20_C
  Relative segment, address: 000219C1 - 000219C3 (0x3 bytes), align: 0
  Segment part 16.            Intra module refs:   Segment part 219
                                                   sysTimeSetMenuShow
    -------------------------------------------------------------------------
DATA20_C
  Relative segment, address: 000219C4 - 000219C6 (0x3 bytes), align: 0
  Segment part 17.            Intra module refs:   Segment part 219
    -------------------------------------------------------------------------
DATA20_C
  Relative segment, address: 000219C7 - 000219C9 (0x3 bytes), align: 0
  Segment part 18.            Intra module refs:   Segment part 219
    -------------------------------------------------------------------------
DATA20_C
  Relative segment, address: 000219CA - 000219CC (0x3 bytes), align: 0
  Segment part 19.            Intra module refs:   Segment part 219
    -------------------------------------------------------------------------
DATA20_C
  Relative segment, address: 000219CD - 000219D3 (0x7 bytes), align: 0
  Segment part 20.            Intra module refs:   cylParaSetMenuShow
                                                   timeGroupParaSetMenuShow
                                                   topMenu_capshow
                                                   topMenu_circleshow
                                                   topMenu_timeshow
                                                   viewFlowShow
                                                   volParaSetMenuShow
    -------------------------------------------------------------------------
DATA20_C
  Relative segment, address: 000219D4 - 000219D8 (0x5 bytes), align: 0
  Segment part 21.            Intra module refs:   cylParaSetMenuOnDown
                                                   cylParaSetMenuOnOk
                                                   cylParaSetMenuOnUp
                                                   cylParaSetMenuShow
                                                   flowSetOk
                                                   flowSetShow
                                                   manuParaSetMenuOnDown
                                                   manuParaSetMenuOnUp
                                                   timeGroupParaSetMenuOnDown
                                                   timeGroupParaSetMenuOnOk
                                                   timeGroupParaSetMenuOnUp
                                                   timeGroupParaSetMenuShow
                                                   topMenuShow
                                                   viewMenuOnUp
                                                   viewMenuShow
                                                   volParaSetMenuOnDown
                                                   volParaSetMenuOnOk
                                                   volParaSetMenuOnUp
                                                   volParaSetMenuShow
    -------------------------------------------------------------------------
DATA20_C
  Relative segment, address: 000219D9 - 000219DD (0x5 bytes), align: 0
  Segment part 22.            Intra module refs:   viewMenuOnDown
                                                   viewMenuOnUp
                                                   viewMenuShow
    -------------------------------------------------------------------------
DATA20_C
  Relative segment, address: 000219DE - 000219E2 (0x5 bytes), align: 0
  Segment part 23.            Intra module refs:   topMenuShow
                                                   viewMenuOnDown
                                                   viewMenuOnUp
                                                   viewMenuShow
    -------------------------------------------------------------------------
DATA20_C
  Relative segment, address: 000219E3 - 000219E7 (0x5 bytes), align: 0
  Segment part 24.            Intra module refs:   viewMenuOnDown
                                                   viewMenuOnUp
                                                   viewMenuShow
    -------------------------------------------------------------------------
DATA20_C
  Relative segment, address: 000219E8 - 000219EC (0x5 bytes), align: 0
  Segment part 25.            Intra module refs:   viewMenuOnDown
                                                   viewMenuOnUp
                                                   viewMenuShow
    -------------------------------------------------------------------------
DATA20_C
  Relative segment, address: 000219ED - 000219F0 (0x4 bytes), align: 0
  Segment part 26.            Intra module refs:   cylsMoveFont
                                                   groupMoveFont
                                                   viewMenuOnDown
                                                   viewMenuOnUp
                                                   viewMenuShow
    -------------------------------------------------------------------------
DATA20_C
  Relative segment, address: 000219F1 - 000219F5 (0x5 bytes), align: 0
  Segment part 27.            Intra module refs:   viewMenuOnDown
                                                   viewMenuShow
    -------------------------------------------------------------------------
DATA20_C
  Relative segment, address: 000219F6 - 000219FA (0x5 bytes), align: 0
  Segment part 28.            Intra module refs:   StopWarnMenuLeftKey
                                                   StopWarnMenuShow
                                                   clewMenuOnLeft
                                                   clewMenuOnRight
                                                   clewMenuShow
                                                   errFlowMenuShow
                                                   errorMenuShow
                                                   groupStartWarnMenuLeftKey
                                                   groupStartWarnMenuShow
                                                   groupWarnMenuShow
                                                   inputNumberMenuOnLeft
                                                   inputNumberMenuOnRight
                                                   inputNumberMenuShow
                                                   powerTimeSetMenuOnLeft
                                                   powerTimeSetMenuOnRight
                                                   powerTimeSetMenuShow
                                                   setTVWarnMenuLeftKey
                                                   setTVWarnMenuShow
                                                   setTVWrongMenuShow
                                                   twoErrMenuShow
    -------------------------------------------------------------------------
DATA20_C
  Relative segment, address: 000219FB - 00021A03 (0x9 bytes), align: 0
  Segment part 29.            Intra module refs:   twoErrMenuShow
    -------------------------------------------------------------------------
DATA20_C
  Relative segment, address: 00021A04 - 00021A14 (0x11 bytes), align: 0
  Segment part 30.            Intra module refs:   twoErrMenuShow
    -------------------------------------------------------------------------
DATA20_C
  Relative segment, address: 00021A15 - 00021A27 (0x13 bytes), align: 0
  Segment part 31.            Intra module refs:   twoErrMenuShow
    -------------------------------------------------------------------------
DATA20_C
  Relative segment, address: 00021A28 - 00021A2E (0x7 bytes), align: 0
  Segment part 32.            Intra module refs:   cleanMenuShow
    -------------------------------------------------------------------------
DATA20_C
  Relative segment, address: 00021A2F - 00021A35 (0x7 bytes), align: 0
  Segment part 33.            Intra module refs:   cleanMenuExec
    -------------------------------------------------------------------------
DATA20_C
  Relative segment, address: 00021A36 - 00021A3A (0x5 bytes), align: 0
  Segment part 34.            Intra module refs:   topMenu_handshow
    -------------------------------------------------------------------------
DATA20_C
  Relative segment, address: 00021A3B - 00021A3F (0x5 bytes), align: 0
  Segment part 35.            Intra module refs:   cylParaSetMenuOnDown
                                                   cylParaSetMenuOnOk
                                                   cylParaSetMenuOnUp
                                                   cylParaSetMenuShow
                                                   flowSetOk
                                                   flowSetShow
                                                   manuParaSetMenuOnDown
                                                   manuParaSetMenuOnUp
                                                   timeGroupParaSetMenuOnDown
                                                   timeGroupParaSetMenuOnOk
                                                   timeGroupParaSetMenuOnUp
                                                   timeGroupParaSetMenuShow
                                                   topMenu_circleshow
                                                   topMenu_handshow
                                                   topMenu_timeshow
    -------------------------------------------------------------------------
DATA20_C
  Relative segment, address: 00021A40 - 00021A44 (0x5 bytes), align: 0
  Segment part 36.            Intra module refs:   timeGroupParaSetMenuOnDown
                                                   timeGroupParaSetMenuOnOk
                                                   timeGroupParaSetMenuOnUp
                                                   timeGroupParaSetMenuShow
                                                   topMenu_timeshow
    -------------------------------------------------------------------------
DATA20_C
  Relative segment, address: 00021A45 - 00021A49 (0x5 bytes), align: 0
  Segment part 37.            Intra module refs:   cylParaSetMenuShow
                                                   topMenu_circleshow
    -------------------------------------------------------------------------
DATA20_C
  Relative segment, address: 00021A4A - 00021A4E (0x5 bytes), align: 0
  Segment part 38.            Intra module refs:   topMenu_capshow
    -------------------------------------------------------------------------
DATA20_C
  Relative segment, address: 00021A4F - 00021A5E (0x10 bytes), align: 0
  Segment part 39.            Intra module refs:   press_temp_show
    -------------------------------------------------------------------------
DATA20_C
  Relative segment, address: 00021A5F - 00021A63 (0x5 bytes), align: 0
  Segment part 40.            Intra module refs:   topMenuDownKey
                                                   topMenuOkKey
                                                   topMenuShow
                                                   topMenuUpKey
    -------------------------------------------------------------------------
DATA20_C
  Relative segment, address: 00021A64 - 00021A68 (0x5 bytes), align: 0
  Segment part 41.            Intra module refs:   topMenuDownKey
                                                   topMenuShow
                                                   topMenuUpKey
    -------------------------------------------------------------------------
DATA20_C
  Relative segment, address: 00021A69 - 00021A6D (0x5 bytes), align: 0
  Segment part 42.            Intra module refs:   topMenuDownKey
                                                   topMenuShow
                                                   topMenuUpKey
    -------------------------------------------------------------------------
DATA20_C
  Relative segment, address: 00021A6E - 00021A72 (0x5 bytes), align: 0
  Segment part 43.            Intra module refs:   topMenuDownKey
                                                   topMenuShow
                                                   topMenuUpKey
    -------------------------------------------------------------------------
DATA20_C
  Relative segment, address: 00021A73 - 00021A7C (0xa bytes), align: 0
  Segment part 44.            Intra module refs:   topMenuShow
    -------------------------------------------------------------------------
DATA20_C
  Relative segment, address: 00021A7D - 00021A81 (0x5 bytes), align: 0
  Segment part 45.            Intra module refs:   StartWarnMenuShow
                                                   StopWarnMenuShow
                                                   errFlowMenuShow
                                                   groupWarnMenuShow
                                                   setTVWarnMenuShow
                                                   setTVWrongMenuShow
    -------------------------------------------------------------------------
DATA20_C
  Relative segment, address: 00021A82 - 00021A90 (0xf bytes), align: 0
  Segment part 46.            Intra module refs:   StartWarnMenuShow
    -------------------------------------------------------------------------
DATA20_C
  Relative segment, address: 00021A91 - 00021A9D (0xd bytes), align: 0
  Segment part 47.            Intra module refs:   StartWarnMenuShow
    -------------------------------------------------------------------------
DATA20_C
  Relative segment, address: 00021A9E - 00021AA2 (0x5 bytes), align: 0
  Segment part 48.            Intra module refs:   StartWarnMenuShow
                                                   powerTimeSetMenuOnLeft
                                                   powerTimeSetMenuOnRight
                                                   powerTimeSetMenuShow
                                                   timeGroupSetMenuOnDown
                                                   timeGroupSetMenuOnLeft
                                                   timeGroupSetMenuOnRight
                                                   timeGroupSetMenuOnUp
                                                   timeGroupSetMenuShow
                                                   timePowerOffSetMenuOnDown
                                                   timePowerOffSetMenuOnUp
                                                   timePowerOffSetMenuShow
    -------------------------------------------------------------------------
DATA20_C
  Relative segment, address: 00021AA3 - 00021AB1 (0xf bytes), align: 0
  Segment part 49.            Intra module refs:   setTVWarnMenuShow
    -------------------------------------------------------------------------
DATA20_C
  Relative segment, address: 00021AB2 - 00021ABC (0xb bytes), align: 0
  Segment part 50.            Intra module refs:   setTVWarnMenuShow
    -------------------------------------------------------------------------
DATA20_C
  Relative segment, address: 00021ABD - 00021AC1 (0x5 bytes), align: 0
  Segment part 51.            Intra module refs:   StopWarnMenuLeftKey
                                                   StopWarnMenuShow
                                                   clewMenuOnLeft
                                                   clewMenuOnRight
                                                   clewMenuShow
                                                   groupStartWarnMenuLeftKey
                                                   groupStartWarnMenuShow
                                                   inputNumberMenuOnLeft
                                                   inputNumberMenuOnRight
                                                   inputNumberMenuShow
[...]
           =====                   =======         ======
           ?DivMod8u               000202C8        Get_time (ds1302)
                                                   Set_time (ds1302)
                                                   checkTime (display)
                                                   clr_point (lcd)
                                                   clr_rect (lcd)
                                                   cylParaSetMenuOnDown (display)
                                                   cylParaSetMenuOnUp (display)
                                                   draw_point (lcd)
                                                   draw_symbol (lcd)
                                                   fill_rect (lcd)
                                                   setTime (display)
                                                   viewMenuShow (display)
                                                   volParaSetMenuOnDown (display)
                                                   volParaSetMenuOnUp (display)
           ?DivMod16u              000202CC        Segment part 0 (?DivMod816s)
                                                   cali_leve (pump)
                                                   cylParaSetMenuShow (display)
                                                   flowSetOk (display)
                                                   init_Ucs (chip)
                                                   manuParaSetMenuShow (display)
                                                   percent_show (display)
                                                   print_int_num (lcd)
                                                   setFlow (display)
                                                   show_samp_time (display)
                                                   timeGroupParaSetMenuShow (display)
                                                   viewFlowShow (display)
                                                   volParaSetMenuOnDown (display)
                                                   volParaSetMenuOnUp (display)
                                                   volParaSetMenuShow (display)

    -------------------------------------------------------------------------
  LIBRARY MODULE, NAME : ?DivMod816s

  SEGMENTS IN THE MODULE
  ======================
<CODE> 2 (was CODE)
  Relative segment, address: 0001F90C - 0001F943 (0x38 bytes), align: 1
  Segment part 0.
           ENTRY                   ADDRESS         REF BY
           =====                   =======         ======
           ?DivMod8s               0001F90C 
           ?DivMod16s              0001F910        changeFlow (pump)
                                                   clr_rect (lcd)
                                                   cylParaSetMenuOnDown (display)
                                                   cylParaSetMenuOnLeft (display)
                                                   cylParaSetMenuOnOk (display)
                                                   cylParaSetMenuOnRight (display)
                                                   cylParaSetMenuOnUp (display)
                                                   fill_rect (lcd)
                                                   flowSetDown (display)
                                                   flowSetLeft (display)
                                                   flowSetOk (display)
                                                   flowSetRight (display)
                                                   flowSetUp (display)
                                                   getPFromFlow (pump)
                                                   int_to_char (lcd)
                                                   print_mtime (lcd)
                                                   print_time (lcd)
                                                   sqrt (?sqrt)
                                                   startPump (pump)
                                                   timeGroupParaSetMenuOnDown (display)
                                                   timeGroupParaSetMenuOnUp (display)
                                                   volParaSetMenuOnDown (display)
                                                   volParaSetMenuOnLeft (display)
                                                   volParaSetMenuOnOk (display)
                                                   volParaSetMenuOnRight (display)
                                                   volParaSetMenuOnUp (display)
                                                   writePToFlow (pump)

    -------------------------------------------------------------------------
  LIBRARY MODULE, NAME : ?DivMod32u

  SEGMENTS IN THE MODULE
  ======================
<CODE> 2 (was CODE)
  Relative segment, address: 0001F456 - 0001F499 (0x44 bytes), align: 1
  Segment part 0.
           ENTRY                   ADDRESS         REF BY
           =====                   =======         ======
           ?DivMod32u              0001F456        ?DivMod32s (?DivMod32s)
                                                   getBattery1 (adc12)
                                                   getPress (adc12)
                                                   pressTask (bmp085)
                                                   setVol (display)
                                                   sumTimeShow (display)
                                                   volParaSetMenuOnDown (display)
                                                   volParaSetMenuOnUp (display)

    -------------------------------------------------------------------------
  LIBRARY MODULE, NAME : ?DivMod32s

  SEGMENTS IN THE MODULE
  ======================
<CODE> 2 (was CODE)
  Relative segment, address: 0001F4DE - 0001F521 (0x44 bytes), align: 1
  Segment part 0.
           ENTRY                   ADDRESS         REF BY
           =====                   =======         ======
           ?DivMod32s              0001F4DE        pressTask (bmp085)

    -------------------------------------------------------------------------
  LIBRARY MODULE, NAME : ?ShiftLeft32_8n

  SEGMENTS IN THE MODULE
  ======================
<CODE> 2 (was CODE)
  Relative segment, address: 000203EE - 000203F1 (0x4 bytes), align: 1
  Segment part 3.
           ENTRY                   ADDRESS         REF BY
           =====                   =======         ======
           ?ShiftLeft32_11         000203EE        pressTask (bmp085)
    -------------------------------------------------------------------------
<CODE> 2 (was CODE)
  Relative segment, address: 000203F2 - 000203F5 (0x4 bytes), align: 1
  Segment part 4.             Intra module refs:   ?ShiftLeft32_11
           ENTRY                   ADDRESS         REF BY
           =====                   =======         ======
           ?ShiftLeft32_10         000203F2 
    -------------------------------------------------------------------------
<CODE> 2 (was CODE)
  Relative segment, address: 000203F6 - 000203F9 (0x4 bytes), align: 1
  Segment part 5.             Intra module refs:   ?ShiftLeft32_10
           ENTRY                   ADDRESS         REF BY
           =====                   =======         ======
           ?ShiftLeft32_9          000203F6 
    -------------------------------------------------------------------------
<CODE> 2 (was CODE)
  Relative segment, address: 000203FA - 00020405 (0xc bytes), align: 1
  Segment part 6.             Intra module refs:   ?ShiftLeft32_9
           ENTRY                   ADDRESS         REF BY
           =====                   =======         ======
           ?ShiftLeft32_8          000203FA 

    -------------------------------------------------------------------------
  LIBRARY MODULE, NAME : ?ShiftRight32s_8n

  SEGMENTS IN THE MODULE
  ======================
<CODE> 2 (was CODE)
  Relative segment, address: 000201F0 - 000201F3 (0x4 bytes), align: 1
  Segment part 1.
           ENTRY                   ADDRESS         REF BY
           =====                   =======         ======
           ?ShiftRight32s_13       000201F0        pressTask (bmp085)
    -------------------------------------------------------------------------
<CODE> 2 (was CODE)
  Relative segment, address: 000201F4 - 000201F7 (0x4 bytes), align: 1
  Segment part 2.             Intra module refs:   ?ShiftRight32s_13
           ENTRY                   ADDRESS         REF BY
           =====                   =======         ======
           ?ShiftRight32s_12       000201F4        pressTask (bmp085)
    -------------------------------------------------------------------------
<CODE> 2 (was CODE)
  Relative segment, address: 000201F8 - 000201FB (0x4 bytes), align: 1
  Segment part 3.             Intra module refs:   ?ShiftRight32s_12
           ENTRY                   ADDRESS         REF BY
           =====                   =======         ======
           ?ShiftRight32s_11       000201F8        pressTask (bmp085)
    -------------------------------------------------------------------------
<CODE> 2 (was CODE)
  Relative segment, address: 000201FC - 000201FF (0x4 bytes), align: 1
  Segment part 4.             Intra module refs:   ?ShiftRight32s_11
           ENTRY                   ADDRESS         REF BY
           =====                   =======         ======
           ?ShiftRight32s_10       000201FC 
    -------------------------------------------------------------------------
<CODE> 2 (was CODE)
  Relative segment, address: 00020200 - 00020203 (0x4 bytes), align: 1
  Segment part 5.             Intra module refs:   ?ShiftRight32s_10
           ENTRY                   ADDRESS         REF BY
           =====                   =======         ======
           ?ShiftRight32s_9        00020200 
    -------------------------------------------------------------------------
<CODE> 2 (was CODE)
  Relative segment, address: 00020204 - 0002020F (0xc bytes), align: 1
  Segment part 6.             Intra module refs:   ?ShiftRight32s_9
           ENTRY                   ADDRESS         REF BY
           =====                   =======         ======
           ?ShiftRight32s_8        00020204 

    -------------------------------------------------------------------------
  LIBRARY MODULE, NAME : ?memcpy

  SEGMENTS IN THE MODULE
  ======================
<CODE> 2 (was CODE)
  Relative segment, address: 0002028E - 000202AB (0x1e bytes), align: 1
  Segment part 2.
           ENTRY                   ADDRESS         REF BY
           =====                   =======         ======
           memcpy                  0002028E        __data20_memcpy (?memzero)
               CSTACK = 00000000 ( 0000000C )

    -------------------------------------------------------------------------
  LIBRARY MODULE, NAME : ?memzero

  SEGMENTS IN THE MODULE
  ======================
<CODE> 2 (was CODE)
  Relative segment, address: 000203D6 - 000203ED (0x18 bytes), align: 1
  Segment part 4.
           ENTRY                   ADDRESS         REF BY
           =====                   =======         ======
           __data20_memzero        000203D6        ?cstart_init_zero20 (?cstart)
               CSTACK = 00000000 ( 00000004 )
    -------------------------------------------------------------------------
<CODE> 2 (was CODE)
  Relative segment, address: 000206BE - 000206C1 (0x4 bytes), align: 1
  Segment part 3.
           ENTRY                   ADDRESS         REF BY
           =====                   =======         ======
           __data20_memcpy         000206BE        ?cstart_init_copy20 (?cstart)
               calls direct
               CSTACK = 00000000 ( 00000004 )

    -------------------------------------------------------------------------
  LIBRARY MODULE, NAME : ?sqrt

  SEGMENTS IN THE MODULE
  ======================
<CODE> 2 (was CODE)
  Relative segment, address: 0001F00E - 0001F05B (0x4e bytes), align: 1
  Segment part 2.             Intra module refs:   sqrt
           ENTRY                   ADDRESS         REF BY
           =====                   =======         ======
           __iar_Dunscale          0001F00E 
               CSTACK = 00000000 ( 00000008 )
    -------------------------------------------------------------------------
<CODE> 2 (was CODE)
  Relative segment, address: 0001B36A - 0001B461 (0xf8 bytes), align: 1
  Segment part 3.
           ENTRY                   ADDRESS         REF BY
           =====                   =======         ======
           sqrt                    0001B36A        draw_line (lcd)
               calls direct
               CSTACK = 00000000 ( 00000016 )
    -------------------------------------------------------------------------
<CODE> 2 (was CODE)
  Relative segment, address: 00020600 - 0002060B (0xc bytes), align: 1
  Segment part 4.             Intra module refs:   sqrt
    -------------------------------------------------------------------------
<CODE> 2 (was CODE)
  Relative segment, address: 00020338 - 00020353 (0x1c bytes), align: 1
  Segment part 5.             Intra module refs:   sqrt

    -------------------------------------------------------------------------
  LIBRARY MODULE, NAME : ?xdscale

  SEGMENTS IN THE MODULE
  ======================
<CODE> 2 (was CODE)
  Relative segment, address: 0001D0C0 - 0001D155 (0x96 bytes), align: 1
  Segment part 2.
           ENTRY                   ADDRESS         REF BY
           =====                   =======         ======
           __iar_Dscale            0001D0C0        sqrt (?sqrt)
               CSTACK = 00000000 ( 00000014 )

    -------------------------------------------------------------------------
  LIBRARY MODULE, NAME : ?xgetmemchunk

  SEGMENTS IN THE MODULE
  ======================
<CODE> 2 (was CODE)
  Relative segment, address: 0001F9E2 - 0001FA13 (0x32 bytes), align: 1
  Segment part 4.
           ENTRY                   ADDRESS         REF BY
           =====                   =======         ======
           __data20_GetMemChunk    0001F9E2        __data20_findmem (?xxmemxmalloc)
               CSTACK = 00000000 ( 0000000C )
    -------------------------------------------------------------------------
DATA20_Z
  Relative segment, address: 2434 - 2437 (0x4 bytes), align: 1
  Segment part 3.             Intra module refs:   __data20_GetMemChunk
    -------------------------------------------------------------------------
DATA20_HEAP
  Relative segment, address: 43A0, align: 1
  Segment part 7.

    -------------------------------------------------------------------------
  LIBRARY MODULE, NAME : ?xxmemxfree

  SEGMENTS IN THE MODULE
  ======================
<CODE> 2 (was CODE)
  Relative segment, address: 0001C07C - 0001C13D (0xc2 bytes), align: 1
  Segment part 2.
           ENTRY                   ADDRESS         REF BY
           =====                   =======         ======
           __data20_free           0001C07C        __data20_findmem (?xxmemxmalloc)
               CSTACK = 00000000 ( 0000001C )

    -------------------------------------------------------------------------
  LIBRARY MODULE, NAME : ?xxmemxmalloc

  SEGMENTS IN THE MODULE
  ======================
DATA20_Z
  Relative segment, address: 2438 - 243F (0x8 bytes), align: 1
  Segment part 3.             Intra module refs:   __data20_findmem
                                                   __data20_malloc
           ENTRY                   ADDRESS         REF BY
           =====                   =======         ======
           __data20_Aldata         2438            __data20_free (?xxmemxfree)
    -------------------------------------------------------------------------
<CODE> 2 (was CODE)
  Relative segment, address: 0001D63E - 0001D6C5 (0x88 bytes), align: 1
  Segment part 4.             Intra module refs:   __data20_malloc
           LOCAL                   ADDRESS         
           =====                   =======         
           __data20_findmem        0001D63E 
               calls direct
               CSTACK = 00000000 ( 0000000C )
    -------------------------------------------------------------------------
<CODE> 2 (was CODE)
  Relative segment, address: 0001C6CA - 0001C773 (0xaa bytes), align: 1
  Segment part 5.
           ENTRY                   ADDRESS         REF BY
           =====                   =======         ======
           __data20_malloc         0001C6CA        malloc (display)
               calls direct
               CSTACK = 00000000 ( 0000001C )




                ****************************************
                *                                      *
                *      SEGMENTS IN ADDRESS ORDER       *
                *                                      *
                ****************************************


SEGMENT              SPACE    START ADDRESS   END ADDRESS     SIZE  TYPE  ALIGN
=======              =====    =============   ===========     ====  ====  =====
DATA16_AN                              0102 - 0103               2   rel    0
                                       0140 - 0141               2 
                                       0144 - 0145               2 
                                       015C - 015D               2 
                                       0160 - 0169               A 
                                       016C - 016F               4 
                                       0200 - 0205               6 
                                       0220 - 0225               6 
                                       022A - 022B               2 
                                       0240 - 0245               6 
                                       024A - 024B               2 
                                       0262 - 0265               4 
                                       026A - 026B               2 
                                       0280 - 0285               6 
                                       0340 - 0343               4 
                                       0352 - 0353               2 
                                       03C0 - 03C1               2 
                                       03C4 - 03C7               4 
                                       03D2 - 03D7               6 
                                       0700 - 0705               6 
                                       0710 - 0713               4 
                                       0720 - 0727               8 
DATA20_I                               1C00 - 1D21             122   rel    1
DATA20_Z                               1D22 - 245F             73E   rel    1
DATA20_N                               2460 - 439F            1F40   rel    1
DATA20_HEAP                            43A0 - 4B9F             800   rel    1
CSTACK                                 5800 - 5BFF             400   rel    1
CSTART                                 5C00 - 5C2F              30   rel    1
ISR_CODE                               5C30 - 5C41              12   rel    1
<CODE> 1                               5C42 - FF7F            A33E   rel    1
INTVEC                                 FF80 - FFED              6E   com    1
RESET                                  FFFE - FFFF               2   rel    1
<CODE> 2                           00010000 - 000206D1       106D2   rel    1
DATA20_C                           000206D2 - 00023ECB        37FA   rel    1
DATA20_ID                          00023ECC - 00023FED         122   rel    1

                ****************************************
                *                                      *
                *        END OF CROSS REFERENCE        *
                *                                      *
                ****************************************

 109 250 bytes of CODE  memory
  13 216 bytes of DATA  memory (+ 92 absolute )
  14 620 bytes of CONST memory

Errors: none
Warnings: none

